
Discarded input sections

 .bss           0x00000000        0x0 build/gpio.o
 .ARM.attributes
                0x00000000        0x0 build/gpio.o
 .glue_7        0x00000000        0x0 build/gpio.o
 .glue_7t       0x00000000        0x0 build/gpio.o
 .vfp11_veneer  0x00000000        0x0 build/gpio.o
 .janus_2cc_veneer
                0x00000000        0x0 build/gpio.o
 .v4_bx         0x00000000        0x0 build/gpio.o
 .bss           0x00000000        0x0 build/main.o
 .ARM.attributes
                0x00000000        0x0 build/main.o
 .glue_7        0x00000000        0x0 build/main.o
 .glue_7t       0x00000000        0x0 build/main.o
 .vfp11_veneer  0x00000000        0x0 build/main.o
 .janus_2cc_veneer
                0x00000000        0x0 build/main.o
 .v4_bx         0x00000000        0x0 build/main.o
 .bss           0x00000000        0x0 build/systemTimers.o
 .ARM.attributes
                0x00000000        0x0 build/systemTimers.o
 .glue_7        0x00000000        0x0 build/systemTimers.o
 .glue_7t       0x00000000        0x0 build/systemTimers.o
 .vfp11_veneer  0x00000000        0x0 build/systemTimers.o
 .janus_2cc_veneer
                0x00000000        0x0 build/systemTimers.o
 .v4_bx         0x00000000        0x0 build/systemTimers.o

Memory Configuration

Name             Origin             Length             Attributes
*default*        0x00000000         0xffffffff

Linker script and memory map

LOAD build/gpio.o
LOAD build/main.o
LOAD build/systemTimers.o

.init           0x00000000        0x4
 *(.init)
 .init          0x00000000        0x4 build/main.o
                0x00000000                _start

.text           0x00008000      0x124
 *(.text)
 .text          0x00008000       0x98 build/gpio.o
                0x00008000                GetGpioAddress
                0x00008008                SetGpioMode
                0x00008058                SetGpio
 .text          0x00008098       0x4c build/main.o
 .text          0x000080e4       0x40 build/systemTimers.o
                0x000080e4                GetSystemTimerBase
                0x000080fc                Wait
                0x000080ec                GetTimeStamp

.data           0x00008124        0x4
 *(.data)
 .data          0x00008124        0x0 build/gpio.o
 .data          0x00008124        0x4 build/main.o
 .data          0x00008128        0x0 build/systemTimers.o

/DISCARD/
 *(*)
OUTPUT(build/output.elf elf32-littlearm)
